2025-11-30 19:30:48,221 [Worker-2: Loading available Gradle versions] INFO  o.e.b.c.i.u.g.PublishedGradleVersions - Gradle version information cache is not available. Remote download required.
2025-11-30 19:31:38,197 [Worker-23: Refreshing workspace] ERROR o.e.m.j.i.l.MavenLaunchConfigurationListener - Launch configuration MyspringappApplication references non-existing project myspringapp.
org.eclipse.core.runtime.CoreException: Launch configuration MyspringappApplication references non-existing project myspringapp.
	at org.eclipse.jdt.launching.JavaRuntime.abort(JavaRuntime.java:1871)
	at org.eclipse.jdt.launching.JavaRuntime.getJavaProject(JavaRuntime.java:1748)
	at org.eclipse.m2e.jdt.internal.launch.MavenLaunchConfigurationListener.updateLaunchConfiguration(MavenLaunchConfigurationListener.java:66)
	at org.eclipse.m2e.jdt.internal.launch.MavenLaunchConfigurationListener.launchConfigurationAdded(MavenLaunchConfigurationListener.java:46)
	at org.eclipse.debug.internal.core.LaunchManager$ConfigurationNotifier.run(LaunchManager.java:214)
	at org.eclipse.core.runtime.SafeRunner.run(SafeRunner.java:47)
	at org.eclipse.debug.internal.core.LaunchManager$ConfigurationNotifier.notify(LaunchManager.java:204)
	at org.eclipse.debug.internal.core.LaunchManager.launchConfigurationAdded(LaunchManager.java:1980)
	at org.eclipse.debug.internal.core.LaunchManager$LaunchManagerVisitor.visit(LaunchManager.java:364)
	at org.eclipse.core.internal.events.ResourceDelta.accept(ResourceDelta.java:78)
	at org.eclipse.core.internal.events.ResourceDelta.accept(ResourceDelta.java:92)
	at org.eclipse.core.internal.events.ResourceDelta.accept(ResourceDelta.java:92)
	at org.eclipse.core.internal.events.ResourceDelta.accept(ResourceDelta.java:92)
	at org.eclipse.core.internal.events.ResourceDelta.accept(ResourceDelta.java:92)
	at org.eclipse.core.internal.events.ResourceDelta.accept(ResourceDelta.java:92)
	at org.eclipse.core.internal.events.ResourceDelta.accept(ResourceDelta.java:92)
	at org.eclipse.core.internal.events.ResourceDelta.accept(ResourceDelta.java:92)
	at org.eclipse.core.internal.events.ResourceDelta.accept(ResourceDelta.java:61)
	at org.eclipse.debug.internal.core.LaunchManager.resourceChanged(LaunchManager.java:2132)
	at org.eclipse.core.internal.events.NotificationManager$1.run(NotificationManager.java:335)
	at org.eclipse.core.runtime.SafeRunner.run(SafeRunner.java:47)
	at org.eclipse.core.internal.events.NotificationManager.notify(NotificationManager.java:324)
	at org.eclipse.core.internal.events.NotificationManager.broadcastChanges(NotificationManager.java:178)
	at org.eclipse.core.internal.resources.Workspace.broadcastPostChange(Workspace.java:473)
	at org.eclipse.core.internal.resources.Workspace.endOperation(Workspace.java:1619)
	at org.eclipse.core.internal.resources.InternalWorkspaceJob.run(InternalWorkspaceJob.java:51)
	at org.eclipse.core.internal.jobs.Worker.run(Worker.java:63)
2025-11-30 19:31:38,214 [Worker-23: Refreshing workspace] ERROR o.e.m.j.i.l.MavenLaunchConfigurationListener - Launch configuration PredictionMode.AltAndContextMap references non-existing project user-service_user-service.
org.eclipse.core.runtime.CoreException: Launch configuration PredictionMode.AltAndContextMap references non-existing project user-service_user-service.
	at org.eclipse.jdt.launching.JavaRuntime.abort(JavaRuntime.java:1871)
	at org.eclipse.jdt.launching.JavaRuntime.getJavaProject(JavaRuntime.java:1748)
	at org.eclipse.m2e.jdt.internal.launch.MavenLaunchConfigurationListener.updateLaunchConfiguration(MavenLaunchConfigurationListener.java:66)
	at org.eclipse.m2e.jdt.internal.launch.MavenLaunchConfigurationListener.launchConfigurationAdded(MavenLaunchConfigurationListener.java:46)
	at org.eclipse.debug.internal.core.LaunchManager$ConfigurationNotifier.run(LaunchManager.java:214)
	at org.eclipse.core.runtime.SafeRunner.run(SafeRunner.java:47)
	at org.eclipse.debug.internal.core.LaunchManager$ConfigurationNotifier.notify(LaunchManager.java:204)
	at org.eclipse.debug.internal.core.LaunchManager.launchConfigurationAdded(LaunchManager.java:1980)
	at org.eclipse.debug.internal.core.LaunchManager$LaunchManagerVisitor.visit(LaunchManager.java:364)
	at org.eclipse.core.internal.events.ResourceDelta.accept(ResourceDelta.java:78)
	at org.eclipse.core.internal.events.ResourceDelta.accept(ResourceDelta.java:92)
	at org.eclipse.core.internal.events.ResourceDelta.accept(ResourceDelta.java:92)
	at org.eclipse.core.internal.events.ResourceDelta.accept(ResourceDelta.java:92)
	at org.eclipse.core.internal.events.ResourceDelta.accept(ResourceDelta.java:92)
	at org.eclipse.core.internal.events.ResourceDelta.accept(ResourceDelta.java:92)
	at org.eclipse.core.internal.events.ResourceDelta.accept(ResourceDelta.java:92)
	at org.eclipse.core.internal.events.ResourceDelta.accept(ResourceDelta.java:92)
	at org.eclipse.core.internal.events.ResourceDelta.accept(ResourceDelta.java:61)
	at org.eclipse.debug.internal.core.LaunchManager.resourceChanged(LaunchManager.java:2132)
	at org.eclipse.core.internal.events.NotificationManager$1.run(NotificationManager.java:335)
	at org.eclipse.core.runtime.SafeRunner.run(SafeRunner.java:47)
	at org.eclipse.core.internal.events.NotificationManager.notify(NotificationManager.java:324)
	at org.eclipse.core.internal.events.NotificationManager.broadcastChanges(NotificationManager.java:178)
	at org.eclipse.core.internal.resources.Workspace.broadcastPostChange(Workspace.java:473)
	at org.eclipse.core.internal.resources.Workspace.endOperation(Workspace.java:1619)
	at org.eclipse.core.internal.resources.InternalWorkspaceJob.run(InternalWorkspaceJob.java:51)
	at org.eclipse.core.internal.jobs.Worker.run(Worker.java:63)
2025-11-30 19:31:38,217 [Worker-23: Refreshing workspace] ERROR o.e.m.j.i.l.MavenLaunchConfigurationListener - Launch configuration UserServiceApplication references non-existing project user-service_user-service.
org.eclipse.core.runtime.CoreException: Launch configuration UserServiceApplication references non-existing project user-service_user-service.
	at org.eclipse.jdt.launching.JavaRuntime.abort(JavaRuntime.java:1871)
	at org.eclipse.jdt.launching.JavaRuntime.getJavaProject(JavaRuntime.java:1748)
	at org.eclipse.m2e.jdt.internal.launch.MavenLaunchConfigurationListener.updateLaunchConfiguration(MavenLaunchConfigurationListener.java:66)
	at org.eclipse.m2e.jdt.internal.launch.MavenLaunchConfigurationListener.launchConfigurationAdded(MavenLaunchConfigurationListener.java:46)
	at org.eclipse.debug.internal.core.LaunchManager$ConfigurationNotifier.run(LaunchManager.java:214)
	at org.eclipse.core.runtime.SafeRunner.run(SafeRunner.java:47)
	at org.eclipse.debug.internal.core.LaunchManager$ConfigurationNotifier.notify(LaunchManager.java:204)
	at org.eclipse.debug.internal.core.LaunchManager.launchConfigurationAdded(LaunchManager.java:1980)
	at org.eclipse.debug.internal.core.LaunchManager$LaunchManagerVisitor.visit(LaunchManager.java:364)
	at org.eclipse.core.internal.events.ResourceDelta.accept(ResourceDelta.java:78)
	at org.eclipse.core.internal.events.ResourceDelta.accept(ResourceDelta.java:92)
	at org.eclipse.core.internal.events.ResourceDelta.accept(ResourceDelta.java:92)
	at org.eclipse.core.internal.events.ResourceDelta.accept(ResourceDelta.java:92)
	at org.eclipse.core.internal.events.ResourceDelta.accept(ResourceDelta.java:92)
	at org.eclipse.core.internal.events.ResourceDelta.accept(ResourceDelta.java:92)
	at org.eclipse.core.internal.events.ResourceDelta.accept(ResourceDelta.java:92)
	at org.eclipse.core.internal.events.ResourceDelta.accept(ResourceDelta.java:92)
	at org.eclipse.core.internal.events.ResourceDelta.accept(ResourceDelta.java:61)
	at org.eclipse.debug.internal.core.LaunchManager.resourceChanged(LaunchManager.java:2132)
	at org.eclipse.core.internal.events.NotificationManager$1.run(NotificationManager.java:335)
	at org.eclipse.core.runtime.SafeRunner.run(SafeRunner.java:47)
	at org.eclipse.core.internal.events.NotificationManager.notify(NotificationManager.java:324)
	at org.eclipse.core.internal.events.NotificationManager.broadcastChanges(NotificationManager.java:178)
	at org.eclipse.core.internal.resources.Workspace.broadcastPostChange(Workspace.java:473)
	at org.eclipse.core.internal.resources.Workspace.endOperation(Workspace.java:1619)
	at org.eclipse.core.internal.resources.InternalWorkspaceJob.run(InternalWorkspaceJob.java:51)
	at org.eclipse.core.internal.jobs.Worker.run(Worker.java:63)
2025-11-30 19:31:39,758 [Worker-0: Updating Maven Dependencies] INFO  o.e.m.c.i.l.LifecycleMappingFactory - Using org.eclipse.m2e.jdt.JarLifecycleMapping lifecycle mapping for MavenProject: com.example.springboot.demo:mycoolapp:0.0.1-SNAPSHOT @ C:\Users\ruchi\OneDrive\Desktop\java\mycoolapp\mycoolapp\pom.xml.
2025-11-30 19:31:46,015 [Worker-5: Building] INFO  o.e.m.c.i.l.LifecycleMappingFactory - Using org.eclipse.m2e.jdt.JarLifecycleMapping lifecycle mapping for MavenProject: com.joural:journalingapp:0.0.1-SNAPSHOT @ C:\Users\ruchi\OneDrive\Desktop\java\journalingapp\journalingapp\pom.xml.
2025-11-30 19:31:46,276 [Worker-5: Building] WARN  o.e.m.c.i.embedder.EclipseLogger - The POM for com.example:myspringapp:jar:0.0.1-SNAPSHOT is missing, no dependency information available
2025-11-30 19:31:47,747 [Worker-5: Building] INFO  o.a.m.s.f.DefaultMavenResourcesFiltering - Copying 1 resource from src\main\resources to target\classes
2025-11-30 19:31:47,788 [Worker-5: Building] INFO  o.a.m.s.f.DefaultMavenResourcesFiltering - Copying 0 resource from src\main\resources to target\classes
2025-11-30 19:31:47,794 [Worker-5: Building] INFO  o.a.m.s.f.DefaultMavenResourcesFiltering - skip non existing resourceDirectory C:\Users\ruchi\OneDrive\Desktop\java\journalingapp\journalingapp\src\test\resources
2025-11-30 19:31:47,813 [Worker-5: Building] WARN  o.apache.maven.project.MavenProject - Direct modification of compileSourceRoots through clear() is deprecated and will not work in Maven 4.0.0. Please use the add/remove methods instead. If you're using a plugin that causes this warning, please upgrade to the latest version and report an issue if the warning persists. To disable these warnings, set -Dmaven.project.sourceRoots.warningsDisabled=true on the command line, in the .mvn/maven.config file, or in project POM properties.
2025-11-30 19:31:47,814 [Worker-5: Building] WARN  o.apache.maven.project.MavenProject - Direct modification of compileSourceRoots through add() is deprecated and will not work in Maven 4.0.0. Please use the add/remove methods instead. If you're using a plugin that causes this warning, please upgrade to the latest version and report an issue if the warning persists. To disable these warnings, set -Dmaven.project.sourceRoots.warningsDisabled=true on the command line, in the .mvn/maven.config file, or in project POM properties.
2025-11-30 19:31:47,814 [Worker-5: Building] WARN  o.apache.maven.project.MavenProject - Direct modification of testCompileSourceRoots through clear() is deprecated and will not work in Maven 4.0.0. Please use the add/remove methods instead. If you're using a plugin that causes this warning, please upgrade to the latest version and report an issue if the warning persists. To disable these warnings, set -Dmaven.project.sourceRoots.warningsDisabled=true on the command line, in the .mvn/maven.config file, or in project POM properties.
2025-11-30 19:31:47,815 [Worker-5: Building] WARN  o.apache.maven.project.MavenProject - Direct modification of testCompileSourceRoots through add() is deprecated and will not work in Maven 4.0.0. Please use the add/remove methods instead. If you're using a plugin that causes this warning, please upgrade to the latest version and report an issue if the warning persists. To disable these warnings, set -Dmaven.project.sourceRoots.warningsDisabled=true on the command line, in the .mvn/maven.config file, or in project POM properties.
2025-11-30 19:31:48,013 [Worker-19: Download sources and javadoc] ERROR o.e.m.j.internal.DownloadSourcesJob - Could not download sources for com.example:myspringapp:0.0.1-SNAPSHOT
org.eclipse.core.runtime.CoreException: Could not resolve artifact com.example:myspringapp:jar:sources:0.0.1-SNAPSHOT
	at org.eclipse.m2e.core.internal.embedder.MavenImpl.lambda$7(MavenImpl.java:540)
	at org.eclipse.m2e.core.internal.embedder.MavenExecutionContext.executeBare(MavenExecutionContext.java:458)
	at org.eclipse.m2e.core.internal.embedder.MavenExecutionContext.execute(MavenExecutionContext.java:292)
	at org.eclipse.m2e.core.internal.embedder.MavenExecutionContext.execute(MavenExecutionContext.java:278)
	at org.eclipse.m2e.core.internal.embedder.MavenImpl.resolve(MavenImpl.java:509)
	at org.eclipse.m2e.core.internal.embedder.MavenImpl.resolve(MavenImpl.java:494)
	at org.eclipse.m2e.jdt.internal.DownloadSourcesJob.download(DownloadSourcesJob.java:308)
	at org.eclipse.m2e.jdt.internal.DownloadSourcesJob.downloadAttachments(DownloadSourcesJob.java:282)
	at org.eclipse.m2e.jdt.internal.DownloadSourcesJob.downloadMaven(DownloadSourcesJob.java:252)
	at org.eclipse.m2e.jdt.internal.DownloadSourcesJob.downloadFilesAndPopulateToUpdate(DownloadSourcesJob.java:220)
	at org.eclipse.m2e.jdt.internal.DownloadSourcesJob.lambda$0(DownloadSourcesJob.java:149)
	at org.eclipse.m2e.core.internal.embedder.MavenExecutionContext.executeBare(MavenExecutionContext.java:458)
	at org.eclipse.m2e.core.internal.embedder.MavenExecutionContext.execute(MavenExecutionContext.java:339)
	at org.eclipse.m2e.core.internal.embedder.MavenExecutionContext.execute(MavenExecutionContext.java:278)
	at org.eclipse.m2e.core.embedder.IMaven.execute(IMaven.java:300)
	at org.eclipse.m2e.jdt.internal.DownloadSourcesJob.run(DownloadSourcesJob.java:149)
	at org.eclipse.core.internal.jobs.Worker.run(Worker.java:63)
2025-11-30 19:31:48,162 [Worker-5: Building] INFO  o.a.m.s.f.DefaultMavenResourcesFiltering - Copying 1 resource from src\main\resources to target\classes
2025-11-30 19:31:48,215 [Worker-5: Building] INFO  o.a.m.s.f.DefaultMavenResourcesFiltering - Copying 0 resource from src\main\resources to target\classes
2025-11-30 19:31:48,222 [Worker-5: Building] INFO  o.a.m.s.f.DefaultMavenResourcesFiltering - skip non existing resourceDirectory C:\Users\ruchi\OneDrive\Desktop\java\mycoolapp\mycoolapp\src\test\resources
2025-11-30 19:31:48,255 [Worker-5: Building] WARN  o.apache.maven.project.MavenProject - Direct modification of compileSourceRoots through clear() is deprecated and will not work in Maven 4.0.0. Please use the add/remove methods instead. If you're using a plugin that causes this warning, please upgrade to the latest version and report an issue if the warning persists. To disable these warnings, set -Dmaven.project.sourceRoots.warningsDisabled=true on the command line, in the .mvn/maven.config file, or in project POM properties.
2025-11-30 19:31:48,256 [Worker-5: Building] WARN  o.apache.maven.project.MavenProject - Direct modification of compileSourceRoots through add() is deprecated and will not work in Maven 4.0.0. Please use the add/remove methods instead. If you're using a plugin that causes this warning, please upgrade to the latest version and report an issue if the warning persists. To disable these warnings, set -Dmaven.project.sourceRoots.warningsDisabled=true on the command line, in the .mvn/maven.config file, or in project POM properties.
2025-11-30 19:31:48,257 [Worker-5: Building] WARN  o.apache.maven.project.MavenProject - Direct modification of testCompileSourceRoots through clear() is deprecated and will not work in Maven 4.0.0. Please use the add/remove methods instead. If you're using a plugin that causes this warning, please upgrade to the latest version and report an issue if the warning persists. To disable these warnings, set -Dmaven.project.sourceRoots.warningsDisabled=true on the command line, in the .mvn/maven.config file, or in project POM properties.
2025-11-30 19:31:48,257 [Worker-5: Building] WARN  o.apache.maven.project.MavenProject - Direct modification of testCompileSourceRoots through add() is deprecated and will not work in Maven 4.0.0. Please use the add/remove methods instead. If you're using a plugin that causes this warning, please upgrade to the latest version and report an issue if the warning persists. To disable these warnings, set -Dmaven.project.sourceRoots.warningsDisabled=true on the command line, in the .mvn/maven.config file, or in project POM properties.
